// Jest Snapshot v1, https://goo.gl/fbAQLP

exports[`Register component Match snapshot 1`] = `
<section
  className="Register"
>
  <div
    className="Register__wrapper"
  >
    <h2
      className="Register__title"
    >
      Register!
    </h2>
    <form
      autoComplete="off"
      className="Register__form"
      onSubmit={[Function]}
    >
      <input
        aria-label="Name"
        className="Register__input"
        name="name"
        onChange={[Function]}
        placeholder="Name"
        required={true}
        type="text"
      />
      <input
        aria-label="Email"
        className="Register__input"
        name="email"
        onChange={[Function]}
        placeholder="Email"
        required={true}
        type="email"
      />
      <input
        aria-label="Password"
        className="Register__input"
        name="password"
        onChange={[Function]}
        placeholder="Password"
        required={true}
        type="password"
      />
      <button
        className="Register__btn"
        type="submit"
      >
        Register!
      </button>
    </form>
    <p
      className="Register__Login"
    >
      Â¿Ya tienes una cuenta?
       
      <a
        className="Register__Login-link"
        href="/login"
        onClick={[Function]}
      >
        Log In!
      </a>
    </p>
  </div>
</section>
`;
